CREATE TEMP TABLE FOO(a int, b char) as VALUES (1, "X"), (2, "Y"), (3, "Z");

SELECT T.A AS A,
       T[-2].B AS PPREVB, T[-1].B AS PREVB, T.B AS B,
       T[0].B AS FIRSTB, T[1].B AS SECONDB, T[2].B AS THIRDB
FROM (FOO ORDER BY A) T;
---+--------+-------+---+--------+---------+--------
 A | PPREVB | PREVB | B | FIRSTB | SECONDB | THIRDB
---+--------+-------+---+--------+---------+--------
 1 |        |       | X | X      |         |       
 2 |        | X     | Y | X      | Y       |       
 3 | X      | Y     | Z | X      | Y       | Z     
---+--------+-------+---+--------+---------+--------
(3 rows)

SELECT T.A AS A, T.SUM(A) AS SUMA FROM (FOO ORDER BY A) T;
---+------
 A | SUMA
---+------
 1 | 1   
 2 | 3 
 3 | 6
---+------
(3 rows)

CREATE TEMP TABLE BAR(a int, b char, c smallint) AS VALUES
(1, "X", 0), (2, "Z", 1), (3, "Y", 0), (4, "Z", 0), (5, "Y", 1), (6, "X", 1);

SELECT T.A AS A, T.C AS C,
       T[-2].B AS PPREVB, T[-1].B AS PREVB, T.B AS B,
       T[0].B AS FIRSTB, T[1].B AS SECONDB, T[2].B AS THIRDB
FROM (BAR ORDER BY A) T PARTITION BY C ORDER BY A;
---+---+--------+-------+---+--------+---------+--------
 A | C | PPREVB | PREVB | B | FIRSTB | SECONDB | THIRDB
---+---+--------+-------+---+--------+---------+--------
 1 | 0 |        |       | X | X      |         |       
 2 | 1 |        |       | Z | Z      |         |       
 3 | 0 |        | X     | Y | X      | Y       |       
 4 | 0 | X      | Y     | Z | X      | Y       | Z     
 5 | 1 |        | Z     | Y | Z      | Y       |       
 6 | 1 | Z      | Y     | X | Z      | Y       | X     
---+---+--------+-------+---+--------+---------+--------
(6 rows)

SELECT T.A AS A, T.C AS C, T.SUM(A) AS SUMA
FROM (BAR ORDER BY A) T PARTITION BY C ORDER BY A;
---+---+------
 A | C | SUMA
---+---+------
 1 | 0 | 1
 2 | 1 | 2
 3 | 0 | 4
 4 | 0 | 8
 5 | 1 | 7
 6 | 1 | 13
---+---+------
(6 rows)

CREATE TEMP TABLE clicks(visittime time, pagetype varchar) AS VALUES
("10:21:03", "login"),
("10:22:09", "search"),
("10:24:39", "prodview"),
("10:27:14", "logout"),
("11:01:22", "login"),
("11:02:33", "prodview"),
("11:04:09", "search"),
("11:05:47", "prodview"),
("11:07:19", "checkout"),
("11:09:51", "prodview"),
("11:13:21", "logout");

-- Example 1
SELECT visittime, pagetype, login.visittime AS sessionstart
FROM (clicks ORDER BY visittime) MATCH "login.(prodview | search | checkout | logout)*" ON pagetype;
-----------+----------+--------------
 VISITTIME | PAGETYPE | SESSIONSTART 
-----------+----------+--------------
 10:21:03  | login    | 10:21:03  
 10:22:09  | search   | 10:21:03  
 10:24:39  | prodview | 10:21:03  
 10:27:14  | logout   | 10:21:03  
 11:01:22  | login    | 11:01:22  
 11:02:33  | prodview | 11:01:22  
 11:04:09  | search   | 11:01:22  
 11:05:47  | prodview | 11:01:22  
 11:07:19  | checkout | 11:01:22  
 11:09:51  | prodview | 11:01:22  
 11:13:21  | logout   | 11:01:22  
-----------+----------+--------------
(11 rows)

-- Example 1 using CASE
SELECT visittime, pagetype, login.visittime AS sessionstart
FROM (
    SELECT visittime, pagetype,
           CASE pagetype WHEN "login" THEN "login" ELSE "other" END AS pagelabel
    FROM clicks
    ORDER BY visittime
) MATCH "login.other*" ON pagelabel;
-----------+----------+--------------
 VISITTIME | PAGETYPE | SESSIONSTART 
-----------+----------+--------------
 10:21:03  | login    | 10:21:03  
 10:22:09  | search   | 10:21:03  
 10:24:39  | prodview | 10:21:03  
 10:27:14  | logout   | 10:21:03  
 11:01:22  | login    | 11:01:22  
 11:02:33  | prodview | 11:01:22  
 11:04:09  | search   | 11:01:22  
 11:05:47  | prodview | 11:01:22  
 11:07:19  | checkout | 11:01:22  
 11:09:51  | prodview | 11:01:22  
 11:13:21  | logout   | 11:01:22  
-----------+----------+--------------
(11 rows)

-- Example 1 using extended ON syntax
SELECT visittime, pagetype, login.visittime AS sessionstart
FROM (clicks ORDER BY visittime)
     MATCH "login.other*"
     ON pagetype WHEN "login" THEN "login" ELSE "other";
-----------+----------+--------------
 VISITTIME | PAGETYPE | SESSIONSTART 
-----------+----------+--------------
 10:21:03  | login    | 10:21:03  
 10:22:09  | search   | 10:21:03  
 10:24:39  | prodview | 10:21:03  
 10:27:14  | logout   | 10:21:03  
 11:01:22  | login    | 11:01:22  
 11:02:33  | prodview | 11:01:22  
 11:04:09  | search   | 11:01:22  
 11:05:47  | prodview | 11:01:22  
 11:07:19  | checkout | 11:01:22  
 11:09:51  | prodview | 11:01:22  
 11:13:21  | logout   | 11:01:22  
-----------+----------+--------------
(11 rows)

-- Example 2
SELECT visittime, pagetype, login.count() AS sessionseq
FROM (clicks ORDER BY visittime)
     MATCH "(login.other*)+"
     ON pagetype WHEN "login" THEN "login" ELSE "other";
-----------+----------+------------
 VISITTIME | PAGETYPE | SESSIONSEQ 
-----------+----------+------------
 10:21:03  | login    | 1         
 10:22:09  | search   | 1         
 10:24:39  | prodview | 1         
 10:27:14  | logout   | 1
 11:01:22  | login    | 2         
 11:02:33  | prodview | 2         
 11:04:09  | search   | 2         
 11:05:47  | prodview | 2         
 11:07:19  | checkout | 2         
 11:09:51  | prodview | 2         
 11:13:21  | logout   | 2
-----------+----------+-----------
(11 rows)

-- Example 3
SELECT login.visittime as sessionstart, prodview.count() AS prodviews
FROM (clicks ORDER BY visittime)
     MATCH "login.(prodview | search)*.checkout" ON pagetype;
--------------+-----------
 SESSIONSTART | PRODVIEWS 
--------------+-----------
 11:01:22     | 2         
--------------+-----------
(1 row)

SELECT login.visittime as sessionstart, prodview.count() AS prodviews
FROM (clicks WHERE pagetype <> "search" ORDER BY visittime)
     MATCH "login.prodview*.checkout" ON pagetype;
--------------+-----------
 SESSIONSTART | PRODVIEWS 
--------------+-----------
 11:01:22     | 2         
--------------+-----------
(1 row)

-- Example 4
SELECT login.visittime as sessionstart,
       before.count() AS viewsbefore, after.count() as viewsafter
FROM (clicks ORDER BY visittime)
     MATCH "login.(before | search)*.checkout.(after | search)*.logout"
     ON pagetype WHEN "prodview" THEN ("before", "after");
--------------+-------------+------------
 SESSIONSTART | VIEWSBEFORE | VIEWSAFTER 
--------------+-------------+------------
 11:01:22     | 2           | 1          
--------------+-------------+------------
(1 row)

SELECT login.visittime as sessionstart,
       before.count() AS viewsbefore, after.count() as viewsafter
FROM (clicks WHERE pagetype <> "search" ORDER BY visittime)
     MATCH "login.before*.checkout.after*.logout"
     ON pagetype WHEN "prodview" THEN ("before", "after");
--------------+-------------+------------
 SESSIONSTART | VIEWSBEFORE | VIEWSAFTER 
--------------+-------------+------------
 11:01:22     | 2           | 1          
--------------+-------------+------------
(1 row)

-- Example 5
SELECT search.count() AS searches
FROM (clicks ORDER BY visittime)
     MATCH "^(login | prodview | search | logout)*.checkout" ON pagetype;
----------
 SEARCHES 
----------
 2        
----------
(1 row)

SELECT search.count() AS searches
FROM (clicks WHERE pagetype in ("search", "checkout") ORDER BY visittime)
     MATCH "^search*.checkout" ON pagetype;
----------
 SEARCHES 
----------
 2        
----------
(1 row)

SELECT search.count() AS searches
FROM (clicks ORDER BY visittime)
     MATCH "checkout.(login | prodview | search | logout)*$" ON pagetype;
----------
 SEARCHES 
----------
 0        
----------
(1 row)

SELECT search.count() AS searches
FROM (clicks WHERE pagetype in ("search", "checkout") ORDER BY visittime)
     MATCH "checkout.search*$" ON pagetype;
----------
 SEARCHES 
----------
 0        
----------
(1 row)

SELECT before.count() AS viewsbefore, after.count() as viewsafter
FROM (clicks ORDER BY visittime)
     MATCH "^(before | search)*.search.after*$"
     ON pagetype WHEN "search" THEN "search" ELSE ("before", "after");
-------------+------------
 VIEWSBEFORE | VIEWSAFTER 
-------------+------------
 5           | 4          
-------------+------------
(1 row)

SELECT LABEL(before, search).count() AS viewsbefore, after.count() as viewsafter
FROM (clicks ORDER BY visittime)
     MATCH "^(before | search)*.search.after*$"
     ON pagetype WHEN "search" THEN "search" ELSE ("before", "after");
-------------+------------
 VIEWSBEFORE | VIEWSAFTER 
-------------+------------
 7           | 4          
-------------+------------
(1 row)

SELECT before.count() + search.count() AS viewsbefore, after.count() as viewsafter
FROM (clicks ORDER BY visittime)
     MATCH "^(before | search)*.search.after*$"
     ON pagetype WHEN "search" THEN "search" ELSE ("before", "after");
-------------+------------
 VIEWSBEFORE | VIEWSAFTER 
-------------+------------
 7           | 4          
-------------+------------
(1 row)

SELECT before.count() AS viewsbefore, after.count() as viewsafter
FROM (clicks ORDER BY visittime)
     MATCH "^before*.search.after*$"
     ON pagetype WHEN "search" THEN ("before", "search") ELSE ("before", "after");
-------------+------------
 VIEWSBEFORE | VIEWSAFTER 
-------------+------------
 6           | 4          
-------------+------------
(1 row)

-- Example 6
SELECT search.visittime, prevpg.pagetype AS prevtype, nextpg.pagetype AS nexttype
FROM (clicks ORDER BY visittime)
     MATCH "prevpg.search.nextpg" ON pagetype ALL(prevpg, nextpg);
-----------+----------+----------
 VISITTIME | PREVTYPE | NEXTTYPE 
-----------+----------+----------
 10:22:09  | login    | prodview 
 11:04:09  | prodview | prodview 
-----------+----------+----------
(2 rows)

SELECT before.count() AS viewsbefore, after.count() as viewsafter
FROM (clicks ORDER BY visittime)
     MATCH "^before*.search.after*$"
     ON pagetype WHEN "search" THEN "search" ELSE "after" ALL "before";
-------------+------------
 VIEWSBEFORE | VIEWSAFTER 
-------------+------------
 6           | 4          
-------------+------------
(1 row)


SELECT T.*, (T.visittime - T[0].visittime)::INT AS timediff
FROM (clicks ORDER BY visittime) T;
-----------+----------+----------
 VISITTIME | PAGETYPE | TIMEDIFF 
-----------+----------+----------
 10:21:03  | login    | 0        
 10:22:09  | search   | 66000    
 10:24:39  | prodview | 216000   
 10:27:14  | logout   | 371000   
 11:01:22  | login    | 2419000  
 11:02:33  | prodview | 2490000  
 11:04:09  | search   | 2586000  
 11:05:47  | prodview | 2684000  
 11:07:19  | checkout | 2776000  
 11:09:51  | prodview | 2928000  
 11:13:21  | logout   | 3138000  
-----------+----------+----------
(11 rows)

SELECT T.*, (T.visittime - T[0].visittime)::INT AS timediff
FROM (clicks ORDER BY visittime) MATCH "T+";
-----------+----------+----------
 VISITTIME | PAGETYPE | TIMEDIFF 
-----------+----------+----------
 10:21:03  | login    | 0        
 10:22:09  | search   | 66000    
 10:24:39  | prodview | 216000   
 10:27:14  | logout   | 371000   
 11:01:22  | login    | 2419000  
 11:02:33  | prodview | 2490000  
 11:04:09  | search   | 2586000  
 11:05:47  | prodview | 2684000  
 11:07:19  | checkout | 2776000  
 11:09:51  | prodview | 2928000  
 11:13:21  | logout   | 3138000  
-----------+----------+----------
(11 rows)

-- DROP
DROP TABLE clicks;

-- Partitioned MATCH
CREATE TEMP TABLE vclicks(visitorid int, visittime time, pagetype varchar) AS VALUES
(1, "10:21:03", "login"),
(1, "10:24:39", "prodview"),
(1, "10:27:14", "logout"),
(2, "10:21:04", "login"),
(2, "10:22:10", "search"),
(2, "10:27:15", "logout"),
(2, "11:01:22", "login"),
(1, "11:01:23", "login"),
(2, "11:02:33", "prodview"),
(2, "11:04:10", "search"),
(2, "11:05:47", "prodview"),
(1, "11:05:48", "prodview"),
(2, "11:07:19", "checkout"),
(2, "11:09:52", "prodview"),
(2, "11:13:21", "logout"),
(1, "11:13:22", "logout");

SELECT visitorid, visittime, pagetype, login.visittime AS sessionstart
FROM (vclicks ORDER BY visittime) PARTITION BY visitorid
     MATCH "login.other*"
     ON pagetype WHEN "login" THEN "login" ELSE "other";
-----------+-----------+----------+--------------
 VISITORID | VISITTIME | PAGETYPE | SESSIONSTART 
-----------+-----------+----------+--------------
 2         | 10:21:04  | login    | 10:21:04     
 1         | 10:21:03  | login    | 10:21:03     
 1         | 10:24:39  | prodview | 10:21:03     
 2         | 10:22:10  | search   | 10:21:04     
 2         | 10:27:15  | logout   | 10:21:04     
 1         | 10:27:14  | logout   | 10:21:03     
 2         | 11:01:22  | login    | 11:01:22     
 2         | 11:02:33  | prodview | 11:01:22     
 2         | 11:04:10  | search   | 11:01:22     
 1         | 11:01:23  | login    | 11:01:23     
 2         | 11:05:47  | prodview | 11:01:22     
 2         | 11:07:19  | checkout | 11:01:22     
 2         | 11:09:52  | prodview | 11:01:22     
 1         | 11:05:48  | prodview | 11:01:23     
 2         | 11:13:21  | logout   | 11:01:22     
 1         | 11:13:22  | logout   | 11:01:23     
-----------+-----------+----------+--------------
(16 rows)

SELECT visitorid, visittime, pagetype, login.visittime AS sessionstart
FROM (vclicks ORDER BY visitorid, visittime) PARTITION BY visitorid
     MATCH "login.other*"
     ON pagetype WHEN "login" THEN "login" ELSE "other";
-----------+-----------+----------+--------------
 VISITORID | VISITTIME | PAGETYPE | SESSIONSTART 
-----------+-----------+----------+--------------
 1         | 10:21:03  | login    | 10:21:03     
 1         | 10:24:39  | prodview | 10:21:03     
 1         | 10:27:14  | logout   | 10:21:03     
 1         | 11:01:23  | login    | 11:01:23     
 1         | 11:05:48  | prodview | 11:01:23     
 1         | 11:13:22  | logout   | 11:01:23     
 2         | 10:21:04  | login    | 10:21:04     
 2         | 10:22:10  | search   | 10:21:04     
 2         | 10:27:15  | logout   | 10:21:04     
 2         | 11:01:22  | login    | 11:01:22     
 2         | 11:02:33  | prodview | 11:01:22     
 2         | 11:04:10  | search   | 11:01:22     
 2         | 11:05:47  | prodview | 11:01:22     
 2         | 11:07:19  | checkout | 11:01:22     
 2         | 11:09:52  | prodview | 11:01:22     
 2         | 11:13:21  | logout   | 11:01:22     
-----------+-----------+----------+--------------
(16 rows)

-- PIVOT
SELECT visitorid, pagetype, COUNT(*)
FROM vclicks
WHERE pagetype IN ("search", "checkout", "prodview")
GROUP BY visitorid, pagetype
ORDER BY visitorid, pagetype;
-----------+----------+-------
 VISITORID | PAGETYPE | COUNT 
-----------+----------+-------
 1         | prodview | 2     
 2         | checkout | 1     
 2         | prodview | 3     
 2         | search   | 2     
-----------+----------+-------
(4 rows)

SELECT visitorid,
       COUNT(CASE pagetype WHEN "search" THEN 1 END) AS search,
       COUNT(CASE pagetype WHEN "checkout" THEN 1 END) AS checkout,
       COUNT(CASE pagetype WHEN "prodview" THEN 1 END) AS prodview
FROM vclicks
WHERE pagetype IN ("search", "checkout", "prodview")
GROUP BY visitorid
ORDER BY visitorid;
-----------+--------+----------+----------
 VISITORID | SEARCH | CHECKOUT | PRODVIEW 
-----------+--------+----------+----------
 1         | 0      | 0        | 2        
 2         | 2      | 1        | 3        
-----------+--------+----------+----------
(2 rows)

[QUERY] vclicks pivot count for pagetype in ("search", "checkout", "prodview"); 
--------+----------+----------
 SEARCH | CHECKOUT | PRODVIEW 
--------+----------+----------
 2      | 1        | 5        
--------+----------+----------
(1 row)

SELECT * FROM (vclicks limit 0) pivot count for pagetype in ("search", "checkout", "prodview"); 
--------+----------+----------
 SEARCH | CHECKOUT | PRODVIEW 
--------+----------+----------
 0      | 0        | 0        
--------+----------+----------
(1 row)

[QUERY] vclicks partition by visitorid pivot count(*) for pagetype in ("search", "checkout", "prodview") order by visitorid; 
-----------+--------+----------+----------
 VISITORID | SEARCH | CHECKOUT | PRODVIEW 
-----------+--------+----------+----------
 1         | 0      | 0        | 2        
 2         | 2      | 1        | 3        
-----------+--------+----------+----------
(2 rows)

[QUERY] (vclicks limit 0) partition by visitorid pivot count() for pagetype in ("search", "checkout", "prodview"); 
-----------+--------+----------+----------
 VISITORID | SEARCH | CHECKOUT | PRODVIEW 
-----------+--------+----------+----------
           | 0      | 0        | 0        
-----------+--------+----------+----------
(1 row)

[QUERY] vclicks partition by visitorid pivot max(visittime) for pagetype in ("search", "checkout", "prodview") order by visitorid; 
-----------+----------+----------+----------
 VISITORID | SEARCH   | CHECKOUT | PRODVIEW 
-----------+----------+----------+----------
 1         |          |          | 11:05:48 
 2         | 11:04:10 | 11:07:19 | 11:09:52 
-----------+----------+----------+----------
(2 rows)

[QUERY] (vclicks limit 0) partition by visitorid pivot max(visittime) for pagetype in ("search", "checkout", "prodview"); 
-----------+--------+----------+----------
 VISITORID | SEARCH | CHECKOUT | PRODVIEW 
-----------+--------+----------+----------
           |        |          |          
-----------+--------+----------+----------
(1 row)

SELECT T[1].*
FROM (vclicks ORDER BY visittime) PARTITION BY visitorid MATCH "T+$";
-----------+-----------+----------
 VISITORID | VISITTIME | PAGETYPE 
-----------+-----------+----------
 2         | 10:22:10  | search   
 1         | 10:24:39  | prodview 
-----------+-----------+----------
(2 rows) 

SELECT T[-1].*
FROM (vclicks ORDER BY visittime) PARTITION BY visitorid MATCH "T+$";
-----------+-----------+----------
 VISITORID | VISITTIME | PAGETYPE 
-----------+-----------+----------
 2         | 11:09:52  | prodview 
 1         | 11:05:48  | prodview 
-----------+-----------+----------
(2 rows)

SELECT T[1].*, T[-1].*
FROM (vclicks ORDER BY visittime) PARTITION BY visitorid MATCH "T+$";
-----------+-----------+----------+-------------+-------------+------------
 VISITORID | VISITTIME | PAGETYPE | VISITORID_1 | VISITTIME_1 | PAGETYPE_1 
-----------+-----------+----------+-------------+-------------+------------
 2         | 10:22:10  | search   | 2           | 11:09:52    | prodview   
 1         | 10:24:39  | prodview | 1           | 11:05:48    | prodview   
-----------+-----------+----------+-------------+-------------+------------
(2 rows)

SELECT visitorid, prodview[0].visittime AS firstprod,
       prodview.visittime AS lastprod,
       others[0].visittime AS firstothers,
       others.visittime AS lastothers
FROM (vclicks ORDER BY visittime) PARTITION BY visitorid
MATCH "(prodview |others)*$"
ON pagetype WHEN "prodview" THEN "prodview" ELSE "others";
-----------+-----------+----------+-------------+------------
 VISITORID | FIRSTPROD | LASTPROD | FIRSTOTHERS | LASTOTHERS 
-----------+-----------+----------+-------------+------------
 2         | 11:02:33  | 11:09:52 | 10:21:04    | 11:13:21   
 1         | 10:24:39  | 11:05:48 | 10:21:03    | 11:13:22   
-----------+-----------+----------+-------------+------------
(2 rows)

-- DROP
DROP TABLE vclicks;

-- ARG
CREATE TEMP TABLE vhclicks(visitorid int, visittime time, pagetype varchar, hcount int) AS VALUES
(1, "10:21:03", "login", 1),
(1, "10:24:39", "prodview", 10),
(1, "10:27:14", "logout", 1),
(2, "10:21:04", "login", 1),
(2, "10:22:10", "search", 5),
(2, "10:27:15", "logout", 1),
(2, "11:01:22", "login", 1),
(1, "11:01:23", "login", 1),
(2, "11:02:33", "prodview", 7),
(2, "11:04:10", "search", 10),
(2, "11:05:47", "prodview", 5),
(1, "11:05:48", "prodview", 9),
(2, "11:07:19", "checkout", 3),
(2, "11:09:52", "prodview", 10),
(2, "11:13:21", "logout", 1),
(1, "11:13:22", "logout", 1);

[QUERY] vhclicks ARG MAX(visittime);
-----------+-----------+----------+--------
 VISITORID | VISITTIME | PAGETYPE | HCOUNT 
-----------+-----------+----------+--------
 1         | 11:13:22  | logout   | 1      
-----------+-----------+----------+--------
(1 row)

[QUERY] vhclicks ARG MAX(hcount) ORDER BY visittime;
-----------+-----------+----------+--------
 VISITORID | VISITTIME | PAGETYPE | HCOUNT 
-----------+-----------+----------+--------
 1         | 10:24:39  | prodview | 10     
 2         | 11:04:10  | search   | 10     
 2         | 11:09:52  | prodview | 10     
-----------+-----------+----------+--------
(3 rows)

[QUERY] (vhclicks WHERE visittime > '11:00:00'::time) ARG (MAX(hcount), MIN(visittime)) ORDER BY visittime;
-----------+-----------+----------+--------
 VISITORID | VISITTIME | PAGETYPE | HCOUNT 
-----------+-----------+----------+--------
 2         | 11:01:22  | login    | 1      
 2         | 11:04:10  | search   | 10     
 2         | 11:09:52  | prodview | 10     
-----------+-----------+----------+--------
(3 rows)

[QUERY] (vhclicks WHERE visittime > '11:00:00'::time) ARG MAX(hcount) ARG MIN(visittime);
-----------+-----------+----------+--------
 VISITORID | VISITTIME | PAGETYPE | HCOUNT 
-----------+-----------+----------+--------
 2         | 11:04:10  | search   | 10     
-----------+-----------+----------+--------
(1 row)

[QUERY] (vhclicks WHERE visitorid = 1 ORDER BY visittime) ARG prodview.MAX(hcount) OVER MATCH "login.(prodview | search | checkout)*.logout" ON pagetype ORDER BY visittime;
-----------+-----------+----------+--------
 VISITORID | VISITTIME | PAGETYPE | HCOUNT 
-----------+-----------+----------+--------
 1         | 10:24:39  | prodview | 10     
 1         | 11:05:48  | prodview | 9      
-----------+-----------+----------+--------
(2 rows)

[QUERY] (vhclicks WHERE visittime > '11:00:00'::time) PARTITION BY visitorid ARG MAX(hcount) order by visittime;
-----------+-----------+----------+--------
 VISITORID | VISITTIME | PAGETYPE | HCOUNT 
-----------+-----------+----------+--------
 2         | 11:04:10  | search   | 10     
 1         | 11:05:48  | prodview | 9      
 2         | 11:09:52  | prodview | 10     
-----------+-----------+----------+--------
(3 rows)

[QUERY] (vhclicks ORDER BY visittime) PARTITION BY visitorid ARG prodview.MAX(hcount)
OVER MATCH "login.(prodview | search | checkout)*.logout" ON pagetype ORDER BY visittime;
-----------+-----------+----------+--------
 VISITORID | VISITTIME | PAGETYPE | HCOUNT 
-----------+-----------+----------+--------
 1         | 10:24:39  | prodview | 10     
 1         | 11:05:48  | prodview | 9      
 2         | 11:09:52  | prodview | 10     
-----------+-----------+----------+--------
(3 rows)

-- OVER is optional
[QUERY] (vhclicks ORDER BY visittime) partition by visitorid ARG prodview.MAX(hcount)
MATCH "login.(prodview | search | checkout)*.logout" ON pagetype ORDER BY visittime;
-----------+-----------+----------+--------
 VISITORID | VISITTIME | PAGETYPE | HCOUNT 
-----------+-----------+----------+--------
 1         | 10:24:39  | prodview | 10     
 1         | 11:05:48  | prodview | 9      
 2         | 11:09:52  | prodview | 10     
-----------+-----------+----------+--------
(3 rows)

-- DROP
DROP TABLE vhclicks;
